// Jest Snapshot v1, https://goo.gl/fbAQLP

exports[`defaults > snapshot 1`] = `
<div>
  <div
    class=""
  >
    <span
      id="react-select-2-live-region"
      style="z-index: 9999; border: 0px; clip: rect(1px, 1px, 1px, 1px); height: 1px; width: 1px; position: absolute; overflow: hidden; padding: 0px; white-space: nowrap;"
    />
    <span
      aria-atomic="false"
      aria-live="polite"
      aria-relevant="additions text"
      role="log"
      style="z-index: 9999; border: 0px; clip: rect(1px, 1px, 1px, 1px); height: 1px; width: 1px; position: absolute; overflow: hidden; padding: 0px; white-space: nowrap;"
    />
    <div
      class=""
    >
      <div
        class=""
      >
        <div
          class=""
          id="react-select-2-placeholder"
        >
          Select...
        </div>
        <div
          class=""
          data-value=""
        >
          <input
            aria-activedescendant=""
            aria-autocomplete="list"
            aria-describedby="react-select-2-placeholder"
            aria-expanded="false"
            aria-haspopup="true"
            autocapitalize="none"
            autocomplete="off"
            autocorrect="off"
            class=""
            id="react-select-2-input"
            role="combobox"
            spellcheck="false"
            tabindex="0"
            type="text"
            value=""
          />
        </div>
      </div>
      <div
        class=""
      >
        <span
          class=""
        />
        <div
          aria-hidden="true"
          class=""
        >
          <svg
            aria-hidden="true"
            focusable="false"
            height="20"
            viewBox="0 0 20 20"
            width="20"
          >
            <path
              d="M4.516 7.548c0.436-0.446 1.043-0.481 1.576 0l3.908 3.747 3.908-3.747c0.533-0.481 1.141-0.446 1.574 0 0.436 0.445 0.408 1.197 0 1.615-0.406 0.418-4.695 4.502-4.695 4.502-0.217 0.223-0.502 0.335-0.787 0.335s-0.57-0.112-0.789-0.335c0 0-4.287-4.084-4.695-4.502s-0.436-1.17 0-1.615z"
            />
          </svg>
        </div>
      </div>
    </div>
  </div>
</div>
`;
